// Jest Snapshot v1, https://goo.gl/fbAQLP

exports[`<Application /> <Application /> matches snapshot 1`] = `
preact-render-spy (1 nodes)
-------
<li class="Application">
  <a
    href="test/url"
    title="Test application"
  >
    <img
      src="icon.png"
      alt="Test application"
     />
  </a>
</li>

`;
