// Jest Snapshot v1, https://goo.gl/fbAQLP

exports[`<Application /> <Application /> matches snapshot 1`] = `
preact-render-spy (1 nodes)
-------
<div class="Application">
  <a
    href="test/url"
    title="Test application"
  >
    <div class="Application_Content">
      <img
        src="icon.png"
        alt="Test application"
       />
    </div>
  </a>
</div>

`;
